Determining if the std::identity exist failed with the following output:
Change Dir: /home/erikhs/MatrixProblems/build_aarch64/CMakeFiles/CMakeTmp

Run Build Command(s):/usr/bin/gmake -f Makefile cmTC_b2c9f/fast && /usr/bin/gmake  -f CMakeFiles/cmTC_b2c9f.dir/build.make CMakeFiles/cmTC_b2c9f.dir/build
gmake[1]: Entering directory '/home/erikhs/MatrixProblems/build_aarch64/CMakeFiles/CMakeTmp'
Building CXX object CMakeFiles/cmTC_b2c9f.dir/CheckSymbolExists.cxx.o
/usr/bin/c++   -std=c++17 -O2 -funroll-loops  -fPIE -o CMakeFiles/cmTC_b2c9f.dir/CheckSymbolExists.cxx.o -c /home/erikhs/MatrixProblems/build_aarch64/CMakeFiles/CMakeTmp/CheckSymbolExists.cxx
/home/erikhs/MatrixProblems/build_aarch64/CMakeFiles/CMakeTmp/CheckSymbolExists.cxx: In function ‘int main(int, char**)’:
/home/erikhs/MatrixProblems/build_aarch64/CMakeFiles/CMakeTmp/CheckSymbolExists.cxx:7:24: error: ‘identity’ is not a member of ‘std’
    7 |   return ((int*)(&std::identity))[argc];
      |                        ^~~~~~~~
gmake[1]: *** [CMakeFiles/cmTC_b2c9f.dir/build.make:78: CMakeFiles/cmTC_b2c9f.dir/CheckSymbolExists.cxx.o] Error 1
gmake[1]: Leaving directory '/home/erikhs/MatrixProblems/build_aarch64/CMakeFiles/CMakeTmp'
gmake: *** [Makefile:127: cmTC_b2c9f/fast] Error 2


File /home/erikhs/MatrixProblems/build_aarch64/CMakeFiles/CMakeTmp/CheckSymbolExists.cxx:
/* */
#include <functional>

int main(int argc, char** argv)
{
  (void)argv;
  return ((int*)(&std::identity))[argc];
}
Determining if the Fortran sgemm exists failed with the following output:
Change Dir: /home/erikhs/MatrixProblems/build_aarch64/CMakeFiles/CMakeTmp

Run Build Command(s):/usr/bin/gmake -f Makefile cmTC_458c0/fast && /usr/bin/gmake  -f CMakeFiles/cmTC_458c0.dir/build.make CMakeFiles/cmTC_458c0.dir/build
gmake[1]: Entering directory '/home/erikhs/MatrixProblems/build_aarch64/CMakeFiles/CMakeTmp'
Building Fortran object CMakeFiles/cmTC_458c0.dir/testFortranCompiler.f.o
/usr/bin/gfortran   -O3 -DNDEBUG -O3 -fPIE -c /home/erikhs/MatrixProblems/build_aarch64/CMakeFiles/CMakeTmp/testFortranCompiler.f -o CMakeFiles/cmTC_458c0.dir/testFortranCompiler.f.o
Linking Fortran executable cmTC_458c0
/cm/shared/ex3-modules/202309a/huaq/pkgs/cmake-3.22.3/bin/cmake -E cmake_link_script CMakeFiles/cmTC_458c0.dir/link.txt --verbose=1
/usr/bin/gfortran -O3 -DNDEBUG -O3 CMakeFiles/cmTC_458c0.dir/testFortranCompiler.f.o -o cmTC_458c0 
/usr/bin/ld: CMakeFiles/cmTC_458c0.dir/testFortranCompiler.f.o: in function `main':
testFortranCompiler.f:(.text.startup+0x1c): undefined reference to `sgemm_'
collect2: error: ld returned 1 exit status
gmake[1]: *** [CMakeFiles/cmTC_458c0.dir/build.make:99: cmTC_458c0] Error 1
gmake[1]: Leaving directory '/home/erikhs/MatrixProblems/build_aarch64/CMakeFiles/CMakeTmp'
gmake: *** [Makefile:127: cmTC_458c0/fast] Error 2



Determining location of psurface failed:
Include directory: 
Library directory: 

Performing C SOURCE FILE Test SUPERLU_MIN_VERSION_4 failed with the following output:
Change Dir: /home/erikhs/MatrixProblems/build_aarch64/CMakeFiles/CMakeTmp

Run Build Command(s):/usr/bin/gmake -f Makefile cmTC_1ac6e/fast && /usr/bin/gmake  -f CMakeFiles/cmTC_1ac6e.dir/build.make CMakeFiles/cmTC_1ac6e.dir/build
gmake[1]: Entering directory '/home/erikhs/MatrixProblems/build_aarch64/CMakeFiles/CMakeTmp'
Building C object CMakeFiles/cmTC_1ac6e.dir/src.c.o
/usr/bin/cc -DSUPERLU_MIN_VERSION_4  -O3 -DNDEBUG -fPIE -o CMakeFiles/cmTC_1ac6e.dir/src.c.o -c /home/erikhs/MatrixProblems/build_aarch64/CMakeFiles/CMakeTmp/src.c
/home/erikhs/MatrixProblems/build_aarch64/CMakeFiles/CMakeTmp/src.c:3:10: fatal error: supermatrix.h: No such file or directory
    3 | #include <supermatrix.h>
      |          ^~~~~~~~~~~~~~~
compilation terminated.
gmake[1]: *** [CMakeFiles/cmTC_1ac6e.dir/build.make:78: CMakeFiles/cmTC_1ac6e.dir/src.c.o] Error 1
gmake[1]: Leaving directory '/home/erikhs/MatrixProblems/build_aarch64/CMakeFiles/CMakeTmp'
gmake: *** [Makefile:127: cmTC_1ac6e/fast] Error 2


Source file was:

typedef int int_t;
#include <supermatrix.h>
#include <slu_util.h>
int main()
{
  SuperLUStat_t stat;
  stat.expansions=8;
  return 0;
}
Performing C SOURCE FILE Test SUPERLU_MIN_VERSION_4_3 failed with the following output:
Change Dir: /home/erikhs/MatrixProblems/build_aarch64/CMakeFiles/CMakeTmp

Run Build Command(s):/usr/bin/gmake -f Makefile cmTC_c587f/fast && /usr/bin/gmake  -f CMakeFiles/cmTC_c587f.dir/build.make CMakeFiles/cmTC_c587f.dir/build
gmake[1]: Entering directory '/home/erikhs/MatrixProblems/build_aarch64/CMakeFiles/CMakeTmp'
Building C object CMakeFiles/cmTC_c587f.dir/src.c.o
/usr/bin/cc -DSUPERLU_MIN_VERSION_4_3  -O3 -DNDEBUG -fPIE -o CMakeFiles/cmTC_c587f.dir/src.c.o -c /home/erikhs/MatrixProblems/build_aarch64/CMakeFiles/CMakeTmp/src.c
/home/erikhs/MatrixProblems/build_aarch64/CMakeFiles/CMakeTmp/src.c:2:10: fatal error: slu_ddefs.h: No such file or directory
    2 | #include <slu_ddefs.h>
      |          ^~~~~~~~~~~~~
compilation terminated.
gmake[1]: *** [CMakeFiles/cmTC_c587f.dir/build.make:78: CMakeFiles/cmTC_c587f.dir/src.c.o] Error 1
gmake[1]: Leaving directory '/home/erikhs/MatrixProblems/build_aarch64/CMakeFiles/CMakeTmp'
gmake: *** [Makefile:127: cmTC_c587f/fast] Error 2


Source file was:

#include <slu_ddefs.h>
int main(void)
{
  return SLU_DOUBLE;
}
Performing C SOURCE FILE Test SUPERLU_MIN_VERSION_5 failed with the following output:
Change Dir: /home/erikhs/MatrixProblems/build_aarch64/CMakeFiles/CMakeTmp

Run Build Command(s):/usr/bin/gmake -f Makefile cmTC_a0b0e/fast && /usr/bin/gmake  -f CMakeFiles/cmTC_a0b0e.dir/build.make CMakeFiles/cmTC_a0b0e.dir/build
gmake[1]: Entering directory '/home/erikhs/MatrixProblems/build_aarch64/CMakeFiles/CMakeTmp'
Building C object CMakeFiles/cmTC_a0b0e.dir/src.c.o
/usr/bin/cc -DSUPERLU_MIN_VERSION_5  -O3 -DNDEBUG -fPIE -o CMakeFiles/cmTC_a0b0e.dir/src.c.o -c /home/erikhs/MatrixProblems/build_aarch64/CMakeFiles/CMakeTmp/src.c
/home/erikhs/MatrixProblems/build_aarch64/CMakeFiles/CMakeTmp/src.c:3:10: fatal error: supermatrix.h: No such file or directory
    3 | #include <supermatrix.h>
      |          ^~~~~~~~~~~~~~~
compilation terminated.
gmake[1]: *** [CMakeFiles/cmTC_a0b0e.dir/build.make:78: CMakeFiles/cmTC_a0b0e.dir/src.c.o] Error 1
gmake[1]: Leaving directory '/home/erikhs/MatrixProblems/build_aarch64/CMakeFiles/CMakeTmp'
gmake: *** [Makefile:127: cmTC_a0b0e/fast] Error 2


Source file was:

typedef int int_t;
#include <supermatrix.h>
#include <slu_util.h>
int main(void)
{
  GlobalLU_t glu;
  return 0;
}
Determining location of SuperLU failed:
Include directory: 
Library directory: 
Found unsupported version: SuperLU < 4.0

Determing location of ARPACK failed:
Libraries to link against: 

Determing location of ARPACK++ failed:
Include directory: 
Libraries to link against: 

Performing C SOURCE FILE Test HAVE_CJSON failed with the following output:
Change Dir: /home/erikhs/MatrixProblems/build_aarch64/CMakeFiles/CMakeTmp

Run Build Command(s):/usr/bin/gmake -f Makefile cmTC_d7d13/fast && /usr/bin/gmake  -f CMakeFiles/cmTC_d7d13.dir/build.make CMakeFiles/cmTC_d7d13.dir/build
gmake[1]: Entering directory '/home/erikhs/MatrixProblems/build_aarch64/CMakeFiles/CMakeTmp'
Building C object CMakeFiles/cmTC_d7d13.dir/src.c.o
/usr/bin/cc -DHAVE_CJSON  -std=c99  -O3 -DNDEBUG -fPIE -o CMakeFiles/cmTC_d7d13.dir/src.c.o -c /home/erikhs/MatrixProblems/build_aarch64/CMakeFiles/CMakeTmp/src.c
/home/erikhs/MatrixProblems/build_aarch64/CMakeFiles/CMakeTmp/src.c:2:10: fatal error: cjson/cJSON.h: No such file or directory
    2 | #include <cjson/cJSON.h>
      |          ^~~~~~~~~~~~~~~
compilation terminated.
gmake[1]: *** [CMakeFiles/cmTC_d7d13.dir/build.make:78: CMakeFiles/cmTC_d7d13.dir/src.c.o] Error 1
gmake[1]: Leaving directory '/home/erikhs/MatrixProblems/build_aarch64/CMakeFiles/CMakeTmp'
gmake: *** [Makefile:127: cmTC_d7d13/fast] Error 2


Source file was:
#include <stdlib.h>
#include <cjson/cJSON.h>
int main (void) {
    cJSON root;
  return 0;
}
Performing C++ SOURCE FILE Test QUADMATH_FOUND failed with the following output:
Change Dir: /home/erikhs/MatrixProblems/build_aarch64/CMakeFiles/CMakeTmp

Run Build Command(s):/usr/bin/gmake -f Makefile cmTC_03b33/fast && /usr/bin/gmake  -f CMakeFiles/cmTC_03b33.dir/build.make CMakeFiles/cmTC_03b33.dir/build
gmake[1]: Entering directory '/home/erikhs/MatrixProblems/build_aarch64/CMakeFiles/CMakeTmp'
Building CXX object CMakeFiles/cmTC_03b33.dir/src.cxx.o
/usr/bin/c++ -DQUADMATH_FOUND  -std=c++17 -O2 -funroll-loops -fext-numeric-literals  -O3 -DNDEBUG -fPIE -o CMakeFiles/cmTC_03b33.dir/src.cxx.o -c /home/erikhs/MatrixProblems/build_aarch64/CMakeFiles/CMakeTmp/src.cxx
/home/erikhs/MatrixProblems/build_aarch64/CMakeFiles/CMakeTmp/src.cxx:2:10: fatal error: quadmath.h: No such file or directory
    2 | #include <quadmath.h>
      |          ^~~~~~~~~~~~
compilation terminated.
gmake[1]: *** [CMakeFiles/cmTC_03b33.dir/build.make:78: CMakeFiles/cmTC_03b33.dir/src.cxx.o] Error 1
gmake[1]: Leaving directory '/home/erikhs/MatrixProblems/build_aarch64/CMakeFiles/CMakeTmp'
gmake: *** [Makefile:127: cmTC_03b33/fast] Error 2


Source file was:

#include <quadmath.h>

int main(void){
    __float128 foo = sqrtq(123.456);
    foo = FLT128_MIN;
}
